36:2026-10-04 05:38:29.072 Df BeanBox[7070:6908] [com.apple.runningboard:general] Added observer for process assertions expiration warning: <_RBSExpirationWarningClient: 0x105d4d340>
189:2026-10-04 05:38:45.608 Df BeanBox[7654:6fa0] [com.apple.runningboard:general] Added observer for process assertions expiration warning: <_RBSExpirationWarningClient: 0x10192cf20>
320:2026-10-04 05:38:59.605 Df BeanBox[8312:75fc] [com.apple.runningboard:general] Added observer for process assertions expiration warning: <_RBSExpirationWarningClient: 0x101d20d80>
467:2026-10-04 05:39:20.932 Df BeanBox[9699:839e] [com.apple.runningboard:general] Added observer for process assertions expiration warning: <_RBSExpirationWarningClient: 0x10412ccc0>
600:2026-10-04 05:39:22.866 E  BeanBox[9699:839e] (libCoreFSCache.dylib) fopen failed for data file: errno = 2 (No such file or directory)
605:2026-10-04 05:39:23.568 E  BeanBox[9699:839e] (libCoreFSCache.dylib) fopen failed for data file: errno = 2 (No such file or directory)
686:2026-10-04 05:39:27.883 Df BeanBox[9758:85db] [com.apple.runningboard:general] Added observer for process assertions expiration warning: <_RBSExpirationWarningClient: 0x104539440>
889:2026-10-04 05:39:36.779 Df BeanBox[10817:8f9c] [com.apple.runningboard:general] Added observer for process assertions expiration warning: <_RBSExpirationWarningClient: 0x105921460>
1047:2026-10-04 05:39:42.786 Df BeanBox[10888:90da] [com.apple.runningboard:general] Added observer for process assertions expiration warning: <_RBSExpirationWarningClient: 0x1025315a0>
1205:2026-10-04 05:39:51.116 Df BeanBox[11413:9597] [com.apple.runningboard:general] Added observer for process assertions expiration warning: <_RBSExpirationWarningClient: 0x101929180>
1364:2026-10-04 05:39:57.548 Df BeanBox[11598:9780] [com.apple.runningboard:general] Added observer for process assertions expiration warning: <_RBSExpirationWarningClient: 0x10652d1e0>
1519:2026-10-04 05:40:06.310 Df BeanBox[11718:9944] [com.apple.runningboard:general] Added observer for process assertions expiration warning: <_RBSExpirationWarningClient: 0x10452d1a0>
1705:2026-10-04 05:40:12.569 Df BeanBox[12209:9def] [com.apple.runningboard:general] Added observer for process assertions expiration warning: <_RBSExpirationWarningClient: 0x102125440>
1892:2026-10-04 05:40:18.634 Df BeanBox[12350:9f68] [com.apple.runningboard:general] Added observer for process assertions expiration warning: <_RBSExpirationWarningClient: 0x1045293c0>
2060:2026-10-04 05:40:25.008 Df BeanBox[12438:a0c7] [com.apple.runningboard:general] Added observer for process assertions expiration warning: <_RBSExpirationWarningClient: 0x104529580>
2233:2026-10-04 05:40:31.196 Df BeanBox[13068:a5fb] [com.apple.runningboard:general] Added observer for process assertions expiration warning: <_RBSExpirationWarningClient: 0x10652d440>
----- tail -----
2026-10-04 05:40:26.522 Df BeanBox[12438:a0c7] [com.apple.UIKit:EventDeferring] [0x10467d030] Scene target of event deferring environments did update: scene: 0x104018630; current systemShellManagesKeyboardFocus: 1; systemShellManagesKeyboardFocusForScene: 1; eligibleForRecordRemoval: 1;
2026-10-04 05:40:26.522 Df BeanBox[12438:a0c7] [com.apple.UIKit:KeyWindow] Scene became target of keyboard event deferring environment: UIWindowScene: 0x104018630; scene identity: com.apple.frontboard.systemappservices/FBSceneManager:sceneID%3Acom.pbordjadze.beanbox-default
2026-10-04 05:40:26.522 A  BeanBox[12438:a0f5] (RunningBoardServices) didChangeInheritances
2026-10-04 05:40:26.522 Df BeanBox[12438:a0c7] [com.apple.Accessibility:AXCommon] Read Per-App on Init: Smart invert = (null)
2026-10-04 05:40:26.538 Df BeanBox[12438:a0c7] [com.apple.UIKit:InterfaceStyle] Not push traits update to screen for new style 1, <UIWindowScene: 0x104018630> (F5AFD55E-39F4-46C2-A739-6A9A5903EEEF)
2026-10-04 05:40:26.538 Df BeanBox[12438:a0c7] [com.apple.UIKit:AppLifecycle] sceneOfRecord: sceneID: sceneID:com.pbordjadze.beanbox-default  persistentID: F5AFD55E-39F4-46C2-A739-6A9A5903EEEF
2026-10-04 05:40:26.538 Df BeanBox[12438:a0c7] [com.apple.UIKit:Application] Deactivation reason removed: 12; deactivation reasons: 4128 -> 32; animating application lifecycle event: 1
2026-10-04 05:40:26.538 Df BeanBox[12438:a0c7] [com.apple.KeyboardArbiter:Client] Send setDeactivating: N (-DeactivationReason:SuspendedEventsOnly)
2026-10-04 05:40:26.540 Df BeanBox[12438:a0c7] [com.apple.UIKit:Application] Deactivation reason removed: 5; deactivation reasons: 32 -> 0; animating application lifecycle event: 0
2026-10-04 05:40:26.541 Df BeanBox[12438:a0c7] [com.apple.KeyboardArbiter:Client] startConnection
2026-10-04 05:40:26.542 Df BeanBox[12438:a0c7] [com.apple.xpc:connection] [0x113330dc0] activating connection: mach=true listener=false peer=false name=com.apple.UIKit.KeyboardManagement.hosted
2026-10-04 05:40:26.552 Df BeanBox[12438:a0c7] [com.apple.UIKit:_UIVisualStyleRegistry] Note: no default visual style class registered as fallback for stylable class UIActivityIndicatorView
2026-10-04 05:40:26.552 Df BeanBox[12438:a0c7] [com.apple.UIKit:_UIVisualStyleRegistry] Note: no default visual style class registered as fallback for stylable class UIActivityIndicatorView
2026-10-04 05:40:26.571 Df BeanBox[12438:a0c7] [com.apple.KeyboardArbiter:Client] handleKeyboardChange: set currentKeyboard:N (wasKeyboard:N)
2026-10-04 05:40:26.577 Df BeanBox[12438:a0c7] [com.apple.UIKit:KeyboardSceneDelegate] forceReloadInputViews
2026-10-04 05:40:26.577 Df BeanBox[12438:a0c7] [com.apple.UIKit:KeyboardSceneDelegate] Reloading input views for key-window scene responder: <(null): 0x0; > force:Y
2026-10-04 05:40:26.577 Df BeanBox[12438:a0c7] [com.apple.UIKit:KeyboardArbiterClientLog] isWritingToolsHandlingKeyboardTracking:Y (WT ready:Y, Arbiter ready:Y)
2026-10-04 05:40:26.622 Df BeanBox[12438:a0c7] [com.apple.network:activity] <nw_activity 50:1 [48C18C74-83A5-4DE4-B550-CEDF28E5AA61] (global parent) (reporting strategy default) complete (reason success)> complete with reason 2 (success), duration 2365ms
2026-10-04 05:40:26.622 Df BeanBox[12438:a0c7] [com.apple.network:activity] <nw_activity 50:2 [3963667E-4E20-4F8B-B8B0-84EC117E3E99] (reporting strategy default) complete (reason success)> complete with reason 2 (success), duration 2365ms
2026-10-04 05:40:26.622 Df BeanBox[12438:a0c7] [com.apple.network:activity] Unsetting the global parent activity <nw_activity 50:1 [48C18C74-83A5-4DE4-B550-CEDF28E5AA61] (global parent) (reporting strategy default) complete (reason success)>
2026-10-04 05:40:26.622 Df BeanBox[12438:a0c7] [com.apple.network:activity] Unset the global parent activity
2026-10-04 05:40:26.622 Df BeanBox[12438:a0c7] [com.apple.app_launch_measurement:ApplicationLaunch] alm_release_pageins_recording_assertion: releasing pageins recording assertion
2026-10-04 05:40:26.630 A  BeanBox[12438:a0f8] (RunningBoardServices) didChangeInheritances
2026-10-04 05:40:27.148 Df BeanBox[12438:a0c7] [com.apple.xpc:connection] [0x107210280] activating connection: mach=true listener=false peer=false name=com.apple.metal.simulator
2026-10-04 05:40:27.149 Df BeanBox[12438:a0c7] [com.apple.xpc:connection] [0x1072103c0] activating connection: mach=true listener=false peer=false name=com.apple.metal.simulator
2026-10-04 05:40:27.150 Df BeanBox[12438:a0c7] [com.apple.xpc:connection] [0x107210500] activating connection: mach=true listener=false peer=false name=com.apple.metal.simulator
2026-10-04 05:40:27.174 Df BeanBox[12438:a0c7] [com.apple.renderbox:misc] RBDevice: initialized bg state: false
2026-10-04 05:40:27.187 Df BeanBox[12438:a0c7] [com.apple.xpc:connection] [0x1071e61c0] activating connection: mach=false listener=false peer=false name=com.apple.MTLCompilerService
2026-10-04 05:40:27.261 Df BeanBox[12438:a0c7] [com.apple.xpc:connection] [0x1071e6300] activating connection: mach=false listener=false peer=false name=com.apple.MTLCompilerService
2026-10-04 05:40:27.261 A  BeanBox[12438:a0f7] (Metal) Metal Compiling Shader
2026-10-04 05:40:27.500 A  BeanBox[12438:a0f5] (Metal) Metal Compiling Shader
2026-10-04 05:40:27.521 A  BeanBox[12438:a0f7] (Metal) Metal Compiling Shader
2026-10-04 05:40:27.528 A  BeanBox[12438:a0f7] (Metal) Metal Compiling Shader
2026-10-04 05:40:31.168 Df BeanBox[13068:a5fb] [com.apple.xpc:connection] [0x105d93380] activating connection: mach=true listener=false peer=false name=com.apple.cfprefsd.daemon
2026-10-04 05:40:31.183 A  BeanBox[13068:a605] (CoreFoundation) Loading Preferences From User Session CFPrefsD
2026-10-04 05:40:31.183 Df BeanBox[13068:a5fb] (libMobileGestalt.dylib) No persisted cache on this platform.
2026-10-04 05:40:31.185 Df BeanBox[13068:a604] [com.apple.UIKit:BackgroundTask] Creating new assertion because there is no existing background assertion.
2026-10-04 05:40:31.185 Df BeanBox[13068:a604] [com.apple.UIKit:BackgroundTask] Creating new background assertion
2026-10-04 05:40:31.186 Df BeanBox[13068:a606] [com.apple.BoardServices:XPCErrors] [C:1] Alloc com.apple.frontboard.systemappservices
2026-10-04 05:40:31.186 Df BeanBox[13068:a604] [com.apple.UIKit:BackgroundTask] Created new background assertion <BKSProcessAssertion: 0x105da1ac0>
2026-10-04 05:40:31.186 Df BeanBox[13068:a604] [com.apple.runningboard:connection] Initializing connection
2026-10-04 05:40:31.186 Df BeanBox[13068:a604] [com.apple.runningboard:process] Removing all cached process handles
2026-10-04 05:40:31.186 Df BeanBox[13068:a605] [com.apple.runningboard:connection] Sending handshake request attempt #1 to server
2026-10-04 05:40:31.186 Df BeanBox[13068:a605] [com.apple.runningboard:connection] Creating connection to com.apple.runningboard
2026-10-04 05:40:31.186 Df BeanBox[13068:a606] [com.apple.xpc:connection] [0x106588140] activating connection: mach=false listener=false peer=false name=(anonymous)
2026-10-04 05:40:31.186 Df BeanBox[13068:a605] [com.apple.xpc:connection] [0x106588280] activating connection: mach=true listener=false peer=false name=com.apple.runningboard
2026-10-04 05:40:31.188 A  BeanBox[13068:a60a] (RunningBoardServices) didChangeInheritances
2026-10-04 05:40:31.188 Df BeanBox[13068:a605] [com.apple.runningboard:connection] Handshake succeeded
2026-10-04 05:40:31.193 Df BeanBox[13068:a605] [com.apple.runningboard:connection] Identity resolved as app<com.pbordjadze.beanbox((null))>
2026-10-04 05:40:31.193 Df BeanBox[13068:a604] [com.apple.UIKit:BackgroundTask] Incrementing reference count for background assertion <BKSProcessAssertion: 0x105da1ac0>
2026-10-04 05:40:31.193 Df BeanBox[13068:a604] [com.apple.UIKit:BackgroundTask] Created background task <_UIBackgroundTaskInfo: 0x106498bc0>: taskID = 1, taskName = Launch Background Task for Coalescing, creationTime = 499 (elapsed = 0).
2026-10-04 05:40:31.194 Df BeanBox[13068:a604] [com.apple.FrontBoard:SceneExtension] Realizing settings extension _UIApplicationSceneKeyboardSettings on FBSSceneSettings
2026-10-04 05:40:31.194 Df BeanBox[13068:a5fb] [com.apple.UIKit:Application] Deactivation reason added: 10; deactivation reasons: 0 -> 1024; animating application lifecycle event: 0
2026-10-04 05:40:31.194 Df BeanBox[13068:a5fb] [com.apple.BoardServices:Injection] activating monitor for service com.apple.frontboard.open
2026-10-04 05:40:31.194 Df BeanBox[13068:a604] [com.apple.FrontBoard:SceneExtension] Realizing settings extension <_UISceneOcclusionSettings> on FBSSceneSettings
2026-10-04 05:40:31.194 Df BeanBox[13068:a5fb] [com.apple.BoardServices:Injection] activating monitor for service com.apple.frontboard.workspace-service
2026-10-04 05:40:31.195 Df BeanBox[13068:a604] [com.apple.FrontBoard:SceneExtension] Realizing settings extension <_UISceneInterfaceProtectionSettings> on FBSSceneSettings
2026-10-04 05:40:31.195 Df BeanBox[13068:a5fb] [com.apple.FrontBoard:Common] FBSWorkspace registering source: com.apple.frontboard.systemappservices
2026-10-04 05:40:31.195 Df BeanBox[13068:a604] [com.apple.FrontBoard:SceneExtension] Realizing settings extension _UISceneLayoutPreferencesHostSettingsExtension on FBSSceneSettings
2026-10-04 05:40:31.195 Df BeanBox[13068:a604] [com.apple.FrontBoard:SceneExtension] Realizing settings extension _UISceneSafeAreaSettingsExtension on FBSSceneSettings
2026-10-04 05:40:31.195 Df BeanBox[13068:a604] [com.apple.FrontBoard:SceneExtension] Realizing settings extension _UISceneLayoutPreferenceClientSettingsExtension on FBSSceneClientSettings
2026-10-04 05:40:31.195 Df BeanBox[13068:a5fb] [com.apple.FrontBoard:Common] FBSWorkspace connected to endpoint : <BSServiceConnectionEndpoint: 0x10652cb40; target: com.apple.frontboard.systemappservices; service: com.apple.frontboard.workspace-service>
2026-10-04 05:40:31.196 Df BeanBox[13068:a604] [com.apple.FrontBoard:SceneExtension] Realizing settings extension <_UIHomeAffordanceHostSceneSettings> on FBSSceneSettings
2026-10-04 05:40:31.196 Df BeanBox[13068:a5fb] [com.apple.FrontBoard:Common] <FBSWorkspaceScenesClient:0x1064c4960 com.apple.frontboard.systemappservices> attempting immediate handshake from activate
2026-10-04 05:40:31.196 Df BeanBox[13068:a604] [com.apple.FrontBoard:SceneExtension] Realizing settings extension _UISystemShellSceneHostingEnvironmentSettings on FBSSceneSettings
2026-10-04 05:40:31.196 Df BeanBox[13068:a5fb] [com.apple.FrontBoard:Common] <FBSWorkspaceScenesClient:0x1064c4960 com.apple.frontboard.systemappservices> sent handshake
2026-10-04 05:40:31.196 Df BeanBox[13068:a604] [com.apple.FrontBoard:SceneExtension] Realizing settings extension _UISceneRenderingEnvironmentSettings on FBSSceneSettings
2026-10-04 05:40:31.196 Df BeanBox[13068:a5fb] [com.apple.runningboard:general] Added observer for process assertions expiration warning: <_RBSExpirationWarningClient: 0x10652d440>
2026-10-04 05:40:31.196 Df BeanBox[13068:a604] [com.apple.FrontBoard:SceneExtension] Realizing settings extension <_UISceneRenderingEnvironmentClientSettings> on FBSSceneClientSettings
2026-10-04 05:40:31.196 Df BeanBox[13068:a604] [com.apple.FrontBoard:SceneExtension] Realizing settings extension <_UISceneTransitioningHostSettings> on FBSSceneSettings
2026-10-04 05:40:31.197 Df BeanBox[13068:a604] [com.apple.FrontBoard:SceneExtension] Realizing settings extension <_UISceneFocusSystemSettings> on FBSSceneSettings
2026-10-04 05:40:31.197 Df BeanBox[13068:a604] [com.apple.FrontBoard:SceneExtension] Realizing settings extension _UISceneOrientationSettingsExtension on FBSSceneSettings
2026-10-04 05:40:31.197 Df BeanBox[13068:a604] [com.apple.FrontBoard:SceneExtension] Realizing settings extension _UISceneOrientationClientSettingsExtension on FBSSceneClientSettings
2026-10-04 05:40:31.197 Df BeanBox[13068:a604] [com.apple.FrontBoard:SceneExtension] Realizing settings extension _UISceneWindowingControlClientSettings on FBSSceneClientSettings
2026-10-04 05:40:31.197 Df BeanBox[13068:a604] [com.apple.FrontBoard:SceneExtension] Realizing settings extension <_UISceneHostingContentSizePreferenceClientSettings> on FBSSceneClientSettings
2026-10-04 05:40:31.197 Df BeanBox[13068:a604] [com.apple.FrontBoard:SceneExtension] Realizing settings extension _UISceneHostingTraitCollectionPropagationSettings on FBSSceneSettings
2026-10-04 05:40:31.198 Df BeanBox[13068:a604] [com.apple.FrontBoard:SceneExtension] Realizing settings extension <_UISceneHostingSheetPresentationSettings> on FBSSceneSettings
2026-10-04 05:40:31.198 Df BeanBox[13068:a604] [com.apple.FrontBoard:SceneExtension] Realizing settings extension <_UISceneHostingSheetPresentationClientSettings> on FBSSceneClientSettings
2026-10-04 05:40:31.198 Df BeanBox[13068:a604] [com.apple.FrontBoard:SceneExtension] Realizing settings extension <_UISceneHostingEventDeferringSettings> on FBSSceneSettings
2026-10-04 05:40:31.198 Df BeanBox[13068:a604] [com.apple.FrontBoard:SceneExtension] Realizing settings extension <UIKit__UITypedKeyValueSceneSettings> on FBSSceneSettings
2026-10-04 05:40:31.198 Df BeanBox[13068:a604] [com.apple.FrontBoard:SceneExtension] Realizing settings extension <UIKit__UITypedKeyValueSceneSettings> on FBSSceneClientSettings
2026-10-04 05:40:31.198 Df BeanBox[13068:a604] [com.apple.FrontBoard:SceneExtension] Realizing settings extension <_UISceneHostingViewControllerPreferencePropagationClientSettings> on FBSSceneClientSettings
2026-10-04 05:40:31.198 Df BeanBox[13068:a604] [com.apple.FrontBoard:SceneExtension] Realizing settings extension <_UISceneZoomTransitionSettings> on FBSSceneSettings
2026-10-04 05:40:31.199 Df BeanBox[13068:a5fb] [com.apple.UIKit:UIScreen] Evaluated capturing state as 0 on <UIScreen: 0x106588500> for initial
2026-10-04 05:40:31.199 Df BeanBox[13068:a605] [com.apple.FrontBoard:SceneExtension] Realizing settings extension FBSSceneSettingsCore on FBSSceneSettings
2026-10-04 05:40:31.199 Df BeanBox[13068:a5fb] [com.apple.UIKit:UIScreen] Evaluated capturing state as 0 on <UIScreen: 0x106588500> for CADisplay KVO
2026-10-04 05:40:31.199 Df BeanBox[13068:a605] [com.apple.FrontBoard:SceneExtension] Realizing settings extension FBSSceneClientSettingsCore on FBSSceneClientSettings
2026-10-04 05:40:31.201 Df BeanBox[13068:a5fb] [com.apple.Accessibility:AXSupportCommon] Read CategoryName: per-app = 1, category name = (null)
2026-10-04 05:40:31.201 Df BeanBox[13068:a5fb] [com.apple.Accessibility:AXSupportCommon] Read CategoryName: per-app = 0, category name = (null)
2026-10-04 05:40:31.201 Df BeanBox[13068:a605] [com.apple.FrontBoard:SceneExtension] UIMutableApplicationSceneSettings setting counterpart class: UIApplicationSceneSettings
2026-10-04 05:40:31.202 Df BeanBox[13068:a605] [com.apple.FrontBoard:SceneExtension] UIMutableApplicationSceneClientSettings setting counterpart class: UIApplicationSceneClientSettings
2026-10-04 05:40:31.202 Df BeanBox[13068:a605] [com.apple.FrontBoard:SceneExtension] Realizing settings extension FBSSceneTransitionContextCore on FBSSceneTransitionContext
2026-10-04 05:40:31.204 Df BeanBox[13068:a5fb] [com.apple.dt.xctest:Default] Registering for test daemon availability notify post.
2026-10-04 05:40:31.204 Df BeanBox[13068:a5fb] [com.apple.dt.xctest:Default] notify_get_state check indicated test daemon not ready.
2026-10-04 05:40:31.205 Df BeanBox[13068:a5fb] [com.apple.dt.xctest:Default] notify_get_state check indicated test daemon not ready.
2026-10-04 05:40:31.205 Df BeanBox[13068:a5fb] [com.apple.dt.xctest:Default] notify_get_state check indicated test daemon not ready.
2026-10-04 05:40:31.205 Df BeanBox[13068:a5fb] [com.apple.UIKit:Application] Deactivation reason added: 11; deactivation reasons: 1024 -> 3072; animating application lifecycle event: 0
2026-10-04 05:40:31.206 Df BeanBox[13068:a5fb] [com.apple.UIKit:Application] Deactivation reason removed: 10; deactivation reasons: 3072 -> 2048; animating application lifecycle event: 0
2026-10-04 05:40:31.206 Df BeanBox[13068:a5fb] [com.apple.UIKit:EventBus] Event Timing Profile for Touch: not found, path="/System/Library/EventTimingProfiles/Sim.Touch.plist"
2026-10-04 05:40:31.206 Df BeanBox[13068:a5fb] [com.apple.UIKit:EventBus] Event Timing Profile for Pencil: not found, path="/System/Library/EventTimingProfiles/Sim.Pencil.plist"
2026-10-04 05:40:31.206 Df BeanBox[13068:a5fb] [com.apple.UIKit:UpdateScheduler] Selected display: name=LCD (PurpleMain), id=1
2026-10-04 05:40:31.209 Df BeanBox[13068:a5fb] [com.apple.xpc:connection] [0x106588b40] activating connection: mach=true listener=false peer=false name=com.apple.lsd.mapdb
2026-10-04 05:40:31.235 Df BeanBox[13068:a5fb] [com.apple.BoardServices:XPCErrors] [C:2] Alloc com.apple.backboard.hid-services.xpc
2026-10-04 05:40:31.235 Df BeanBox[13068:a5fb] [com.apple.xpc:connection] [0x106588dc0] activating connection: mach=false listener=false peer=false name=(anonymous)
2026-10-04 05:40:31.236 Df BeanBox[13068:a5fb] [com.apple.app_launch_measurement:ApplicationLaunch] alm_acquire_pageins_recording_assertion: acquired pageins recording assertion!
2026-10-04 05:40:31.238 Df BeanBox[13068:a606] [com.apple.BackBoard:EventDelivery] BKSHIDEventDeliveryManager - connection activation
2026-10-04 05:40:31.239 Df BeanBox[13068:a5fb] [com.apple.UIKit:BackgroundTask] Will add backgroundTask with taskName: Persistent SceneSession Map Update, expirationHandler: <__NSGlobalBlock__: 0x1e78c84e8>
2026-10-04 05:40:31.239 Df BeanBox[13068:a5fb] [com.apple.UIKit:BackgroundTask] Reusing background assertion <BKSProcessAssertion: 0x105da1ac0>
2026-10-04 05:40:31.239 Df BeanBox[13068:a5fb] [com.apple.UIKit:BackgroundTask] Incrementing reference count for background assertion <BKSProcessAssertion: 0x105da1ac0>
2026-10-04 05:40:31.239 Df BeanBox[13068:a5fb] [com.apple.UIKit:BackgroundTask] Created background task <_UIBackgroundTaskInfo: 0x106681840>: taskID = 2, taskName = Persistent SceneSession Map Update, creationTime = 499 (elapsed = 0).
2026-10-04 05:40:31.239 Df BeanBox[13068:a5fb] [com.apple.UIKit:Application] Deactivation reason added: 5; deactivation reasons: 2048 -> 2080; animating application lifecycle event: 1
2026-10-04 05:40:31.239 Df BeanBox[13068:a5fb] [com.apple.UIKit:InterfaceStyle] Should send trait collection or coordinate space update, interface style 1 -> 1, <UIWindowScene: 0x105d98550> (F5AFD55E-39F4-46C2-A739-6A9A5903EEEF)
2026-10-04 05:40:31.240 Df BeanBox[13068:a5fb] [com.apple.UIKit:InterfaceStyle] Not push traits update to screen for new style 1, <UIWindowScene: 0x105d98550> (F5AFD55E-39F4-46C2-A739-6A9A5903EEEF)
2026-10-04 05:40:31.240 Df BeanBox[13068:a5fb] [com.apple.UIKit:HomeAffordanceObservation] Initializing: <_UIHomeAffordanceSceneNotifier: 0x10667d7a0>; with scene: <UIWindowScene: 0x105d98550>
2026-10-04 05:40:31.240 Df BeanBox[13068:a5fb] [com.apple.BacklightServices:scenes] 0x10643a5e0 setDelegate:<0x10643a640 _UIBacklightEnvironment> hasDelegate:YES for environment:sceneID:com.pbordjadze.beanbox-default
2026-10-04 05:40:31.240 Df BeanBox[13068:a5fb] [com.apple.UIKit:InterfaceStyle] Not push traits update to screen for new style 1, <UIWindowScene: 0x105d98550> (F5AFD55E-39F4-46C2-A739-6A9A5903EEEF)
2026-10-04 05:40:31.240 Df BeanBox[13068:a5fb] [com.apple.UIKit:EventDeferring] [0x10667c230] Initialized with scene: <UIWindowScene: 0x105d98550>; behavior: <_UIEventDeferringBehavior_iOS: 0x10679c380>; availableForProcess: 1, systemShellManagesKeyboardFocus: 1
2026-10-04 05:40:31.242 Df BeanBox[13068:a606] [com.apple.BackBoard:EventDelivery] BKSHIDEventObserver - connection activation
2026-10-04 05:40:31.242 Df BeanBox[13068:a5fb] [com.apple.BackBoard:EventDelivery] policyStatus:<BKSHIDEventDeliveryPolicyObserver: 0x10646a3a0; process scope; status: target> was:none
2026-10-04 05:40:31.242 Df BeanBox[13068:a5fb] [com.apple.UIKit:KeyWindow] Setting default evaluation strategy for UIUserInterfaceIdiomPhone to LastOneWins
2026-10-04 05:40:31.242 Df BeanBox[13068:a5fb] [com.apple.UIKit:KeyWindow] Scene target of keyboard event deferring environment did change: 1; scene: UIWindowScene: 0x105d98550; scene identity: com.apple.frontboard.systemappservices/FBSceneManager:sceneID%3Acom.pbordjadze.beanbox-default
2026-10-04 05:40:31.242 Df BeanBox[13068:a5fb] [com.apple.UIKit:EventDeferring] [0x10667c230] Scene target of event deferring environments did update: scene: 0x105d98550; current systemShellManagesKeyboardFocus: 1; systemShellManagesKeyboardFocusForScene: 1; eligibleForRecordRemoval: 1;
2026-10-04 05:40:31.242 Df BeanBox[13068:a5fb] [com.apple.UIKit:KeyWindow] Scene became target of keyboard event deferring environment: UIWindowScene: 0x105d98550; scene identity: com.apple.frontboard.systemappservices/FBSceneManager:sceneID%3Acom.pbordjadze.beanbox-default
2026-10-04 05:40:31.242 Df BeanBox[13068:a5fb] [com.apple.UIKit:KeyWindow] Stack[KeyWindow] 0x10643a670: Taking no further action for migration from LastOneWins -> SystemShellManaged as there are no scenes
2026-10-04 05:40:31.242 Df BeanBox[13068:a5fb] [com.apple.UIKit:KeyWindow] Setting default evaluation strategy for UIUserInterfaceIdiomPhone to SystemShellManaged
2026-10-04 05:40:31.242 Df BeanBox[13068:a5fb] [com.apple.UIKit:KeyWindow] Key window needs update: 0; currentKeyWindowScene: 0x0; evaluatedKeyWindowScene: 0x105d98550; currentApplicationKeyWindow: 0x0; evaluatedApplicationKeyWindow: 0x0; reason: UIWindowScene: 0x105d98550: Window scene became target of keyboard environment
2026-10-04 05:40:31.242 Df BeanBox[13068:a5fb] [com.apple.UIKit:InterfaceStyle] Not push traits update to screen for new style 1, <UIWindowScene: 0x105d98550> (F5AFD55E-39F4-46C2-A739-6A9A5903EEEF)
2026-10-04 05:40:31.242 Df BeanBox[13068:a5fb] [com.apple.UIKit:InterfaceStyle] Not push traits update to screen for new style 1, <UIWindowScene: 0x105d98550> (F5AFD55E-39F4-46C2-A739-6A9A5903EEEF)
2026-10-04 05:40:31.243 Df BeanBox[13068:a5fb] [com.apple.UIKit:InterfaceStyle] Not push traits update to screen for new style 1, <UIWindowScene: 0x105d98550> (F5AFD55E-39F4-46C2-A739-6A9A5903EEEF)
2026-10-04 05:40:31.274 Df BeanBox[13068:a5fb] [com.apple.UIKit:Orientation] <UIWindowScene: 0x105d98550> (F5AFD55E-39F4-46C2-A739-6A9A5903EEEF) Scene updated orientation preferences: none -> ( Pu )
2026-10-04 05:40:31.279 Df BeanBox[13068:a5fb] [com.apple.UIKit:KeyWindow] Key window API is scene-level: YES
2026-10-04 05:40:31.279 Df BeanBox[13068:a5fb] [com.apple.UIKit:KeyWindow] UIWindowScene: 0x105d98550: Window became key in scene: UIWindow: 0x1065d4400; contextId: 0xB38C5633: reason: UIWindowScene: 0x105d98550: Window requested to become key in scene: 0x1065d4400
2026-10-04 05:40:31.279 Df BeanBox[13068:a5fb] [com.apple.UIKit:KeyWindow] Key window needs update: 1; currentKeyWindowScene: 0x0; evaluatedKeyWindowScene: 0x105d98550; currentApplicationKeyWindow: 0x0; evaluatedApplicationKeyWindow: 0x1065d4400; reason: UIWindowScene: 0x105d98550: Window requested to become key in scene: 0x1065d4400
2026-10-04 05:40:31.279 Df BeanBox[13068:a5fb] [com.apple.UIKit:KeyWindow] Window did become application key: UIWindow: 0x1065d4400; contextId: 0xB38C5633; scene identity: com.apple.frontboard.systemappservices/FBSceneManager:sceneID%3Acom.pbordjadze.beanbox-default
2026-10-04 05:40:31.279 Df BeanBox[13068:a5fb] [com.apple.UIKit:EventDeferring] [0x10667c230] Begin local event deferring requested for token: 0x10646ad60; environments: 1; reason: UIWindowScene: 0x105d98550: Begin event deferring in keyboardFocus for window: 0x1065d4400
2026-10-04 05:40:31.280 Df BeanBox[13068:a609] [com.apple.BackBoard:EventDelivery] policyStatus:<BKSHIDEventDeliveryPolicyObserver: 0x10646a3a0; token: com.apple.frontboard.systemappservices/FBSceneManager:sceneID%3Acom.pbordjadze.beanbox-default; status: ancestor> was:target
2026-10-04 05:40:31.281 Df BeanBox[13068:a5fb] [com.apple.UIKit:InterfaceStyle] Not push traits update to screen for new style 1, <UIWindowScene: 0x105d98550> (F5AFD55E-39F4-46C2-A739-6A9A5903EEEF)
2026-10-04 05:40:31.281 Df BeanBox[13068:a5fb] [com.apple.UIKit:AppLifecycle] sceneOfRecord: sceneID: sceneID:com.pbordjadze.beanbox-default  persistentID: F5AFD55E-39F4-46C2-A739-6A9A5903EEEF
2026-10-04 05:40:31.281 Df BeanBox[13068:a5fb] [com.apple.UIKit:Application] Ignoring already applied deactivation reason: 5; deactivation reasons: 2080
2026-10-04 05:40:31.281 Df BeanBox[13068:a5fb] [com.apple.UIKit:Application] Deactivation reason added: 12; deactivation reasons: 2080 -> 6176; animating application lifecycle event: 1
2026-10-04 05:40:31.281 Df BeanBox[13068:a5fb] [com.apple.UIKit:Application] Deactivation reason removed: 11; deactivation reasons: 6176 -> 4128; animating application lifecycle event: 1
2026-10-04 05:40:31.281 Df BeanBox[13068:a5fb] [com.apple.FrontBoard:SceneExtension] Realizing settings extension <_UISceneIntelligenceSupportSettings> on FBSSceneSettings
2026-10-04 05:40:31.281 Df BeanBox[13068:a60a] [com.apple.UIIntelligenceSupport:xpc] establishing connection to agent
2026-10-04 05:40:31.282 Df BeanBox[13068:a60a] [com.apple.xpc:session] [0x1065ee260] Session created.
2026-10-04 05:40:31.282 Df BeanBox[13068:a60a] [com.apple.xpc:session] [0x1065ee260] Session created from connection [0x1067ea940]
2026-10-04 05:40:31.282 Df BeanBox[13068:a60a] [com.apple.xpc:connection] [0x1067ea940] activating connection: mach=true listener=false peer=false name=com.apple.uiintelligencesupport.agent
2026-10-04 05:40:31.282 Df BeanBox[13068:a5fb] [com.apple.UIKit:InterfaceStyle] Not push traits update to screen for new style 1, <UIWindowScene: 0x105d98550> (F5AFD55E-39F4-46C2-A739-6A9A5903EEEF)
2026-10-04 05:40:31.282 Df BeanBox[13068:a60a] [com.apple.xpc:session] [0x1065ee260] Session activated
2026-10-04 05:40:31.284 A  BeanBox[13068:a5fb] (CoreFoundation) Updating Key-Value Observers Of Preferences
2026-10-04 05:40:31.332 Df BeanBox[13068:a606] [com.apple.xpc:connection] [0x1067e9040] activating connection: mach=true listener=false peer=false name=com.apple.fontservicesd
2026-10-04 05:40:31.338 Df BeanBox[13068:a5fb] [com.apple.UIKit:InterfaceStyle] Not push traits update to screen for new style 1, <UIWindowScene: 0x105d98550> (F5AFD55E-39F4-46C2-A739-6A9A5903EEEF)
2026-10-04 05:40:31.756 Df BeanBox[13068:a606] [com.apple.UIKit:BackgroundTask] Ending background task with UIBackgroundTaskIdentifier: 2
2026-10-04 05:40:31.756 Df BeanBox[13068:a606] [com.apple.UIKit:BackgroundTask] Ending task with identifier 2 and description: <_UIBackgroundTaskInfo: 0x106681840>: taskID = 2, taskName = Persistent SceneSession Map Update, creationTime = 499 (elapsed = 1), _expireHandler: <__NSGlobalBlock__: 0x1e78c84e8>
2026-10-04 05:40:31.756 Df BeanBox[13068:a606] [com.apple.UIKit:BackgroundTask] Decrementing reference count for assertion <BKSProcessAssertion: 0x105da1ac0> (used by background task with identifier 2: <_UIBackgroundTaskInfo: 0x106681840>: taskID = 2, taskName = Persistent SceneSession Map Update, creationTime = 499 (elapsed = 1))
2026-10-04 05:40:32.225 Df BeanBox[13068:a606] [com.apple.UIKit:BackgroundTask] Ending background task with UIBackgroundTaskIdentifier: 1
2026-10-04 05:40:32.225 Df BeanBox[13068:a606] [com.apple.UIKit:BackgroundTask] Ending task with identifier 1 and description: <_UIBackgroundTaskInfo: 0x106498bc0>: taskID = 1, taskName = Launch Background Task for Coalescing, creationTime = 499 (elapsed = 1), _expireHandler: (null)
2026-10-04 05:40:32.225 Df BeanBox[13068:a606] [com.apple.UIKit:BackgroundTask] Decrementing reference count for assertion <BKSProcessAssertion: 0x105da1ac0> (used by background task with identifier 1: <_UIBackgroundTaskInfo: 0x106498bc0>: taskID = 1, taskName = Launch Background Task for Coalescing, creationTime = 499 (elapsed = 1))
2026-10-04 05:40:32.225 Df BeanBox[13068:a606] [com.apple.UIKit:BackgroundTask] Will invalidate assertion: <BKSProcessAssertion: 0x105da1ac0> for task identifier: 1
2026-10-04 05:40:32.328 A  BeanBox[13068:a606] (RunningBoardServices) didChangeInheritances
2026-10-04 05:40:32.515 Df BeanBox[13068:a60a] [com.apple.CoreAnalytics:client] No XPC connection in Simulator
2026-10-04 05:40:32.518 Df BeanBox[13068:a60a] (CoreVideo) Pixel format registry initialized. Constant classes enabled.
2026-10-04 05:40:32.613 Df BeanBox[13068:a5fb] [com.apple.xpc:connection] [0x109312a80] activating connection: mach=true listener=false peer=false name=com.apple.distributed_notifications@1v3
2026-10-04 05:40:32.637 Df BeanBox[13068:a5fb] [com.apple.UIKit:_UIVisualStyleRegistry] Note: no default visual style class registered as fallback for stylable class UIActivityIndicatorView
2026-10-04 05:40:32.637 Df BeanBox[13068:a5fb] [com.apple.UIKit:_UIVisualStyleRegistry] Note: no default visual style class registered as fallback for stylable class UIActivityIndicatorView
2026-10-04 05:40:32.637 Df BeanBox[13068:a5fb] [PrototypeTools:domain] Not observing PTDefaults on customer install.
2026-10-04 05:40:32.728 Df BeanBox[13068:a5fb] [com.apple.xpc:connection] [0x11532e6c0] activating connection: mach=true listener=false peer=false name=com.apple.IOSurface.Remote
2026-10-04 05:40:32.732 Df BeanBox[13068:a5fb] [com.apple.network:activity] Create activity from XPC object <nw_activity 50:1 [FEFBD819-F4FE-44B3-A9C8-B3E7800B0E83] (reporting strategy default)>
2026-10-04 05:40:32.732 Df BeanBox[13068:a5fb] [com.apple.network:activity] Create activity from XPC object <nw_activity 50:2 [67598A68-AAA8-498A-AD9C-3E027332E46E] (reporting strategy default)>
2026-10-04 05:40:32.732 Df BeanBox[13068:a5fb] [com.apple.network:activity] Set activity <nw_activity 50:1 [FEFBD819-F4FE-44B3-A9C8-B3E7800B0E83] (reporting strategy default)> as the global parent
2026-10-04 05:40:32.733 Df BeanBox[13068:a5fb] [com.apple.UIKit:UpdateScheduler] Target list changed: <CADisplay:LCD PurpleMain>
2026-10-04 05:40:32.734 Df BeanBox[13068:a5fb] [com.apple.UIKit:AppLifecycle] sceneOfRecord: sceneID: sceneID:com.pbordjadze.beanbox-default  persistentID: F5AFD55E-39F4-46C2-A739-6A9A5903EEEF
2026-10-04 05:40:32.734 Df BeanBox[13068:a5fb] [com.apple.UIKit:InterfaceStyle] Not push traits update to screen for new style 1, <UIWindowScene: 0x105d98550> (F5AFD55E-39F4-46C2-A739-6A9A5903EEEF)
2026-10-04 05:40:32.736 A  BeanBox[13068:a609] (RunningBoardServices) didChangeInheritances
2026-10-04 05:40:32.738 Df BeanBox[13068:a5fb] [com.apple.UIKit:EventDeferring] [0x10667c230] Scene target of event deferring environments did update: scene: 0x105d98550; current systemShellManagesKeyboardFocus: 1; systemShellManagesKeyboardFocusForScene: 1; eligibleForRecordRemoval: 1;
2026-10-04 05:40:32.738 Df BeanBox[13068:a5fb] [com.apple.UIKit:KeyWindow] Scene became target of keyboard event deferring environment: UIWindowScene: 0x105d98550; scene identity: com.apple.frontboard.systemappservices/FBSceneManager:sceneID%3Acom.pbordjadze.beanbox-default
2026-10-04 05:40:32.738 Df BeanBox[13068:a5fb] [com.apple.Accessibility:AXCommon] Read Per-App on Init: Smart invert = (null)
2026-10-04 05:40:32.753 Df BeanBox[13068:a5fb] [com.apple.UIKit:InterfaceStyle] Not push traits update to screen for new style 1, <UIWindowScene: 0x105d98550> (F5AFD55E-39F4-46C2-A739-6A9A5903EEEF)
2026-10-04 05:40:32.753 Df BeanBox[13068:a5fb] [com.apple.UIKit:AppLifecycle] sceneOfRecord: sceneID: sceneID:com.pbordjadze.beanbox-default  persistentID: F5AFD55E-39F4-46C2-A739-6A9A5903EEEF
2026-10-04 05:40:32.754 Df BeanBox[13068:a5fb] [com.apple.UIKit:Application] Deactivation reason removed: 12; deactivation reasons: 4128 -> 32; animating application lifecycle event: 1
2026-10-04 05:40:32.754 Df BeanBox[13068:a5fb] [com.apple.KeyboardArbiter:Client] Send setDeactivating: N (-DeactivationReason:SuspendedEventsOnly)
2026-10-04 05:40:32.755 Df BeanBox[13068:a5fb] [com.apple.UIKit:Application] Deactivation reason removed: 5; deactivation reasons: 32 -> 0; animating application lifecycle event: 0
2026-10-04 05:40:32.757 Df BeanBox[13068:a5fb] [com.apple.KeyboardArbiter:Client] startConnection
2026-10-04 05:40:32.758 Df BeanBox[13068:a5fb] [com.apple.xpc:connection] [0x11532c780] activating connection: mach=true listener=false peer=false name=com.apple.UIKit.KeyboardManagement.hosted
2026-10-04 05:40:32.769 Df BeanBox[13068:a5fb] [com.apple.UIKit:_UIVisualStyleRegistry] Note: no default visual style class registered as fallback for stylable class UIActivityIndicatorView
2026-10-04 05:40:32.770 Df BeanBox[13068:a5fb] [com.apple.UIKit:_UIVisualStyleRegistry] Note: no default visual style class registered as fallback for stylable class UIActivityIndicatorView
2026-10-04 05:40:32.802 Df BeanBox[13068:a5fb] [com.apple.KeyboardArbiter:Client] handleKeyboardChange: set currentKeyboard:N (wasKeyboard:N)
2026-10-04 05:40:32.806 Df BeanBox[13068:a5fb] [com.apple.UIKit:KeyboardSceneDelegate] forceReloadInputViews
2026-10-04 05:40:32.806 Df BeanBox[13068:a5fb] [com.apple.UIKit:KeyboardSceneDelegate] Reloading input views for key-window scene responder: <(null): 0x0; > force:Y
2026-10-04 05:40:32.807 Df BeanBox[13068:a5fb] [com.apple.UIKit:KeyboardArbiterClientLog] isWritingToolsHandlingKeyboardTracking:Y (WT ready:Y, Arbiter ready:Y)
2026-10-04 05:40:32.843 Df BeanBox[13068:a5fb] [com.apple.network:activity] <nw_activity 50:1 [FEFBD819-F4FE-44B3-A9C8-B3E7800B0E83] (global parent) (reporting strategy default) complete (reason success)> complete with reason 2 (success), duration 2369ms
2026-10-04 05:40:32.843 Df BeanBox[13068:a5fb] [com.apple.network:activity] <nw_activity 50:2 [67598A68-AAA8-498A-AD9C-3E027332E46E] (reporting strategy default) complete (reason success)> complete with reason 2 (success), duration 2369ms
2026-10-04 05:40:32.843 Df BeanBox[13068:a5fb] [com.apple.network:activity] Unsetting the global parent activity <nw_activity 50:1 [FEFBD819-F4FE-44B3-A9C8-B3E7800B0E83] (global parent) (reporting strategy default) complete (reason success)>
2026-10-04 05:40:32.843 Df BeanBox[13068:a5fb] [com.apple.network:activity] Unset the global parent activity
2026-10-04 05:40:32.844 Df BeanBox[13068:a5fb] [com.apple.app_launch_measurement:ApplicationLaunch] alm_release_pageins_recording_assertion: releasing pageins recording assertion
2026-10-04 05:40:33.404 Df BeanBox[13068:a5fb] [com.apple.xpc:connection] [0x1092103c0] activating connection: mach=true listener=false peer=false name=com.apple.metal.simulator
2026-10-04 05:40:33.405 Df BeanBox[13068:a5fb] [com.apple.xpc:connection] [0x109210500] activating connection: mach=true listener=false peer=false name=com.apple.metal.simulator
2026-10-04 05:40:33.405 Df BeanBox[13068:a5fb] [com.apple.xpc:connection] [0x109210640] activating connection: mach=true listener=false peer=false name=com.apple.metal.simulator
2026-10-04 05:40:33.432 Df BeanBox[13068:a5fb] [com.apple.renderbox:misc] RBDevice: initialized bg state: false
2026-10-04 05:40:35.928 Df BeanBox[13068:a5fb] [com.apple.photos.backend:Backend] ACAccountStore accountDidChange, clearing cached properties in PLAccountStore.
2026-10-04 05:40:35.928 Df BeanBox[13068:a5fb] [com.apple.photos.backend:Backend] ACAccountStore accountDidChange. Posting PLAccountStoreDidChange notification.
